// Jest Snapshot v1, https://goo.gl/fbAQLP

exports[`renders correctly 1`] = `
<div
  id="borrowerList"
  style={
    Object {
      "width": "inherit",
    }
  }
/>
`;
